67.0 APEX_CODE,FINEST;APEX_PROFILING,INFO;VISUALFORCE,FINER
Execute Anonymous: // Чистим, если что-то осталось от прошлых тестов
Execute Anonymous: Account acc = new Account(
Execute Anonymous:     Name = 'DEBUG Account',
Execute Anonymous:     BillingStreet = '1 Test', BillingCity = 'Test', BillingCountry = 'Germany'
Execute Anonymous: );
Execute Anonymous: insert acc;
Execute Anonymous: 
Execute Anonymous: Product2 prod = new Product2(
Execute Anonymous:     Name = 'DEBUG Car', IsActive = true,
Execute Anonymous:     Brand__c = 'Toyota', Model__c = 'Corolla',
Execute Anonymous:     VIN_Number__c = 'DEBUGVIN123456789', Condition__c = 'New', Mileage__c = 0
Execute Anonymous: );
Execute Anonymous: insert prod;
Execute Anonymous: 
Execute Anonymous: PricebookEntry pbe = new PricebookEntry(
Execute Anonymous:     Pricebook2Id = Test.getStandardPricebookId(),
Execute Anonymous:     Product2Id = prod.Id, UnitPrice = 20000, IsActive = true
Execute Anonymous: );
Execute Anonymous: insert pbe;
Execute Anonymous: 
Execute Anonymous: Opportunity opp1 = new Opportunity(
Execute Anonymous:     Name = 'DEBUG Opp1', AccountId = acc.Id,
Execute Anonymous:     StageName = 'Prospecting', CloseDate = Date.today().addDays(5)
Execute Anonymous: );
Execute Anonymous: insert opp1;
Execute Anonymous: 
Execute Anonymous: OpportunityLineItem li1 = new OpportunityLineItem(
Execute Anonymous:     OpportunityId = opp1.Id, PricebookEntryId = pbe.Id, UnitPrice = 20000
Execute Anonymous: );
Execute Anonymous: insert li1;
Execute Anonymous: 
Execute Anonymous: opp1.StageName = 'Contract Sent';
Execute Anonymous: update opp1;
Execute Anonymous: 
Execute Anonymous: // ПРОВЕРКА 1: что реально сохранилось на машине после Contract Sent
Execute Anonymous: Product2 checkProd = [SELECT Car_Status__c, Reserved_Sold_Opportunity__c FROM Product2 WHERE Id = :prod.Id];
Execute Anonymous: System.debug('=== ПРОВЕРКА 1: статус машины после Contract Sent ===');
Execute Anonymous: System.debug('Car_Status__c = ' + checkProd.Car_Status__c);
Execute Anonymous: System.debug('Reserved_Sold_Opportunity__c = ' + checkProd.Reserved_Sold_Opportunity__c);
Execute Anonymous: System.debug('opp1.Id (для сравнения) = ' + opp1.Id);
Execute Anonymous: 
Execute Anonymous: Opportunity opp2 = new Opportunity(
Execute Anonymous:     Name = 'DEBUG Opp2', AccountId = acc.Id,
Execute Anonymous:     StageName = 'Prospecting', CloseDate = Date.today().addDays(20)
Execute Anonymous: );
Execute Anonymous: insert opp2;
Execute Anonymous: 
Execute Anonymous: OpportunityLineItem li2 = new OpportunityLineItem(
Execute Anonymous:     OpportunityId = opp2.Id, PricebookEntryId = pbe.Id, UnitPrice = 20000
Execute Anonymous: );
Execute Anonymous: insert li2;
Execute Anonymous: 
Execute Anonymous: // ПРОВЕРКА 2: появился ли конфликт на opp2
Execute Anonymous: Opportunity checkOpp2 = [SELECT Has_Car_Conflict__c FROM Opportunity WHERE Id = :opp2.Id];
Execute Anonymous: System.debug('=== ПРОВЕРКА 2: конфликт на opp2 ===');
Execute Anonymous: System.debug('Has_Car_Conflict__c = ' + checkOpp2.Has_Car_Conflict__c);
13:35:51.74 (74650139)|USER_INFO|[EXTERNAL]|005gK000064ym2n|tktn78+123.a423ce970227@agentforce.com|(GMT+02:00) Central European Summer Time (Europe/Berlin)|GMT+02:00
13:35:51.74 (74684757)|EXECUTION_STARTED
13:35:51.74 (74704983)|CODE_UNIT_STARTED|[EXTERNAL]|execute_anonymous_apex
13:35:51.74 (74978420)|VARIABLE_SCOPE_BEGIN|[2]|acc|Account|true|false
13:35:51.74 (75004752)|VARIABLE_SCOPE_BEGIN|[54]|checkOpp2|Opportunity|true|false
13:35:51.74 (75028790)|VARIABLE_SCOPE_BEGIN|[36]|checkProd|Product2|true|false
13:35:51.74 (75064705)|VARIABLE_SCOPE_BEGIN|[27]|li1|OpportunityLineItem|true|false
13:35:51.74 (75068767)|VARIABLE_SCOPE_BEGIN|[48]|li2|OpportunityLineItem|true|false
13:35:51.74 (75072070)|VARIABLE_SCOPE_BEGIN|[21]|opp1|Opportunity|true|false
13:35:51.74 (75075229)|VARIABLE_SCOPE_BEGIN|[42]|opp2|Opportunity|true|false
13:35:51.74 (75094741)|VARIABLE_SCOPE_BEGIN|[15]|pbe|PricebookEntry|true|false
13:35:51.74 (75098250)|VARIABLE_SCOPE_BEGIN|[8]|prod|Product2|true|false
13:35:51.74 (75262205)|HEAP_ALLOCATE|[95]|Bytes:3
13:35:51.74 (75321819)|HEAP_ALLOCATE|[100]|Bytes:152
13:35:51.74 (75337071)|HEAP_ALLOCATE|[417]|Bytes:408
13:35:51.74 (75347701)|HEAP_ALLOCATE|[430]|Bytes:408
13:35:51.74 (75368458)|HEAP_ALLOCATE|[317]|Bytes:6
13:35:51.74 (75391438)|HEAP_ALLOCATE|[EXTERNAL]|Bytes:104
13:35:51.74 (75808588)|STATEMENT_EXECUTE|[1]
13:35:51.74 (75809913)|STATEMENT_EXECUTE|[2]
13:35:51.74 (75859972)|HEAP_ALLOCATE|[2]|Bytes:4
13:35:51.74 (76007295)|HEAP_ALLOCATE|[3]|Bytes:13
13:35:51.74 (76222255)|VARIABLE_ASSIGNMENT|[2]|this.Name|"DEBUG Account"|0x239e801a
13:35:51.74 (76229410)|HEAP_ALLOCATE|[4]|Bytes:6
13:35:51.74 (76463421)|VARIABLE_ASSIGNMENT|[2]|this.BillingStreet|"1 Test"|0x239e801a
13:35:51.74 (76469033)|HEAP_ALLOCATE|[4]|Bytes:4
13:35:51.74 (76483860)|VARIABLE_ASSIGNMENT|[2]|this.BillingCity|"Test"|0x239e801a
13:35:51.74 (76486884)|HEAP_ALLOCATE|[4]|Bytes:7
13:35:51.74 (76496934)|VARIABLE_ASSIGNMENT|[2]|this.BillingCountry|"Germany"|0x239e801a
13:35:51.74 (76590690)|VARIABLE_ASSIGNMENT|[2]|acc|{"Name":"DEBUG Account","BillingStreet":"1 Test","BillingCity":"Test","BillingCountry":"Germany"}|0x239e801a
13:35:51.74 (76597408)|STATEMENT_EXECUTE|[6]
13:35:51.74 (76644963)|HEAP_ALLOCATE|[68]|Bytes:5
13:35:51.74 (76691318)|HEAP_ALLOCATE|[74]|Bytes:5
13:35:51.74 (76696358)|HEAP_ALLOCATE|[82]|Bytes:7
13:35:51.74 (76740529)|HEAP_ALLOCATE|[6]|Bytes:8
13:35:51.74 (76792464)|HEAP_ALLOCATE|[EXTERNAL]|Bytes:8
13:35:51.74 (99054369)|CODE_UNIT_STARTED|[EXTERNAL]|DuplicateDetector
13:35:51.74 (126927700)|CODE_UNIT_FINISHED|DuplicateDetector
13:35:51.74 (179823419)|STATEMENT_EXECUTE|[8]
13:35:51.74 (179876404)|HEAP_ALLOCATE|[8]|Bytes:4
13:35:51.74 (180003167)|HEAP_ALLOCATE|[9]|Bytes:9
13:35:51.74 (180088560)|VARIABLE_ASSIGNMENT|[8]|this.Name|"DEBUG Car"|0x1a54ced6
13:35:51.74 (180113152)|VARIABLE_ASSIGNMENT|[8]|this.IsActive|true|0x1a54ced6
13:35:51.74 (180116440)|HEAP_ALLOCATE|[10]|Bytes:6
13:35:51.74 (180138262)|VARIABLE_ASSIGNMENT|[8]|this.Brand__c|"Toyota"|0x1a54ced6
13:35:51.74 (180140797)|HEAP_ALLOCATE|[10]|Bytes:7
13:35:51.74 (180150127)|VARIABLE_ASSIGNMENT|[8]|this.Model__c|"Corolla"|0x1a54ced6
13:35:51.74 (180152527)|HEAP_ALLOCATE|[11]|Bytes:17
13:35:51.74 (180162315)|VARIABLE_ASSIGNMENT|[8]|this.VIN_Number__c|"DEBUGVIN123456789"|0x1a54ced6
13:35:51.74 (180165452)|HEAP_ALLOCATE|[11]|Bytes:3
13:35:51.74 (180175194)|VARIABLE_ASSIGNMENT|[8]|this.Condition__c|"New"|0x1a54ced6
13:35:51.74 (180254981)|HEAP_ALLOCATE|[8]|Bytes:28
13:35:51.74 (180257245)|HEAP_ALLOCATE|[8]|Bytes:28
13:35:51.74 (180275327)|VARIABLE_ASSIGNMENT|[8]|this.Mileage__c|0|0x1a54ced6
13:35:51.74 (180357207)|VARIABLE_ASSIGNMENT|[8]|prod|{"Name":"DEBUG Car","IsActive":true,"Brand__c":"Toyota","Model__c":"Corolla","VIN_Number__c":"DEBUGVIN123456789","Condition__c":"New","Mileage__c":0}|0x1a54ced6
13:35:51.74 (180361744)|STATEMENT_EXECUTE|[13]
13:35:51.74 (180390565)|HEAP_ALLOCATE|[13]|Bytes:8
13:35:51.74 (180427138)|HEAP_ALLOCATE|[EXTERNAL]|Bytes:8
13:35:51.74 (205529102)|CODE_UNIT_STARTED|[EXTERNAL]|Validation:Product2:new
13:35:51.74 (205621293)|CODE_UNIT_FINISHED|Validation:Product2:new
13:35:51.74 (234277800)|STATEMENT_EXECUTE|[15]
13:35:51.74 (234370551)|HEAP_ALLOCATE|[15]|Bytes:4
13:35:51.74 (234638747)|HEAP_ALLOCATE|[16]|Bytes:5
13:35:51.74 (234749884)|HEAP_ALLOCATE|[16]|Bytes:118
13:35:51.74 (234785443)|SYSTEM_METHOD_ENTRY|[1]|Test.Test()
13:35:51.74 (234790873)|STATEMENT_EXECUTE|[1]
13:35:51.74 (234805286)|SYSTEM_METHOD_EXIT|[1]|Test
13:35:51.74 (234839860)|METHOD_ENTRY|[16]||System.Test.getStandardPricebookId()
13:35:51.74 (236244544)|METHOD_EXIT|[16]||System.Test.getStandardPricebookId()
13:35:51.74 (236376564)|FATAL_ERROR|System.TypeException: Test.getStandardPricebookId() can only be called from test methods

(System Code)
AnonymousBlock: line 16, column 1
AnonymousBlock: line 16, column 1
13:35:51.236 (236415059)|CUMULATIVE_LIMIT_USAGE
13:35:51.236 (236415059)|LIMIT_USAGE_FOR_NS|(default)|
  Number of SOQL queries: 0 out of 100
  Number of query rows: 0 out of 50000
  Number of SOSL queries: 0 out of 20
  Number of DML statements: 2 out of 150
  Number of Publish Immediate DML: 0 out of 150
  Number of DML rows: 2 out of 10000
  Maximum CPU time: 0 out of 10000
  Maximum heap size: 0 out of 6000000
  Number of callouts: 0 out of 100
  Number of Email Invocations: 0 out of 10
  Number of future calls: 0 out of 50
  Number of queueable jobs added to the queue: 0 out of 50
  Number of Mobile Apex push calls: 0 out of 10

13:35:51.236 (236415059)|CUMULATIVE_LIMIT_USAGE_END

13:35:51.74 (236519730)|CODE_UNIT_FINISHED|execute_anonymous_apex
13:35:51.74 (236530803)|EXECUTION_FINISHED
