67.0 APEX_CODE,FINEST;APEX_PROFILING,INFO;VISUALFORCE,FINER
Execute Anonymous: Messaging.SingleEmailMessage email = new Messaging.SingleEmailMessage();
Execute Anonymous: email.setToAddresses(new String[] { 'tktn78@gmail.com' });
Execute Anonymous: email.setSubject('Test email from Salesforce');
Execute Anonymous: email.setPlainTextBody('This is a test.');
Execute Anonymous: Messaging.SendEmailResult[] results = Messaging.sendEmail(new List<Messaging.SingleEmailMessage>{ email });
Execute Anonymous: System.debug('Success: ' + results[0].isSuccess());
Execute Anonymous: if (!results[0].isSuccess()) {
Execute Anonymous:     for (Messaging.SendEmailError err : results[0].getErrors()) {
Execute Anonymous:         System.debug('Error: ' + err.getMessage());
Execute Anonymous:     }
Execute Anonymous: }
01:16:20.69 (69341018)|USER_INFO|[EXTERNAL]|005gK000064ym2n|tktn78+123.a423ce970227@agentforce.com|(GMT+02:00) Central European Summer Time (Europe/Berlin)|GMT+02:00
01:16:20.69 (69410289)|EXECUTION_STARTED
01:16:20.69 (69451438)|CODE_UNIT_STARTED|[EXTERNAL]|execute_anonymous_apex
01:16:20.69 (70069817)|VARIABLE_SCOPE_BEGIN|[1]|email|Messaging.SingleEmailMessage|true|false
01:16:20.69 (70373071)|VARIABLE_SCOPE_BEGIN|[5]|results|List<Messaging.SendEmailResult>|true|false
01:16:20.69 (70820635)|HEAP_ALLOCATE|[95]|Bytes:3
01:16:20.69 (70997077)|HEAP_ALLOCATE|[100]|Bytes:152
01:16:20.69 (71065214)|HEAP_ALLOCATE|[417]|Bytes:408
01:16:20.69 (71101684)|HEAP_ALLOCATE|[430]|Bytes:408
01:16:20.69 (71167505)|HEAP_ALLOCATE|[317]|Bytes:6
01:16:20.69 (71247142)|HEAP_ALLOCATE|[EXTERNAL]|Bytes:17
01:16:20.69 (71623336)|STATEMENT_EXECUTE|[1]
01:16:20.69 (71630043)|STATEMENT_EXECUTE|[1]
01:16:20.69 (72204117)|VARIABLE_ASSIGNMENT|[1]|email|"common.api.soap.wsdl.SingleEmailMessage@be6ee0c"|0x23e6d7ff
01:16:20.69 (72235105)|STATEMENT_EXECUTE|[2]
01:16:20.69 (72289461)|HEAP_ALLOCATE|[2]|Bytes:4
01:16:20.69 (72463034)|HEAP_ALLOCATE|[2]|Bytes:16
01:16:20.69 (72669030)|HEAP_ALLOCATE|[EXTERNAL]|Bytes:8
01:16:20.69 (72800205)|STATEMENT_EXECUTE|[3]
01:16:20.69 (72809484)|HEAP_ALLOCATE|[3]|Bytes:26
01:16:20.69 (72914259)|STATEMENT_EXECUTE|[4]
01:16:20.69 (72919762)|HEAP_ALLOCATE|[4]|Bytes:15
01:16:20.69 (72935061)|STATEMENT_EXECUTE|[5]
01:16:20.69 (72968568)|HEAP_ALLOCATE|[5]|Bytes:4
01:16:20.69 (73278561)|HEAP_ALLOCATE|[68]|Bytes:5
01:16:20.69 (73373327)|HEAP_ALLOCATE|[74]|Bytes:5
01:16:20.69 (73395323)|HEAP_ALLOCATE|[82]|Bytes:7
01:16:20.69 (73460155)|HEAP_ALLOCATE|[EXTERNAL]|Bytes:8
01:16:20.69 (73568700)|HEAP_ALLOCATE|[EXTERNAL]|Bytes:8
01:16:20.69 (220559710)|EMAIL_QUEUE|[5]|subject: Test email from Salesforce, bccSender: false, saveAsActivity: true, useSignature: true, toAddresses: [tktn78@gmail.com], plainTextBody: This is a test., 
01:16:20.69 (222107919)|HEAP_ALLOCATE|[EXTERNAL]|Bytes:8
01:16:20.69 (222176428)|HEAP_ALLOCATE|[5]|Bytes:8
01:16:20.69 (222462693)|VARIABLE_ASSIGNMENT|[5]|results|"common.apex.runtime.impl.ScalarList@4f4181e7"|0x4f6a0a3a
01:16:20.69 (222478020)|STATEMENT_EXECUTE|[6]
01:16:20.69 (222485521)|HEAP_ALLOCATE|[6]|Bytes:9
01:16:20.69 (222623251)|HEAP_ALLOCATE|[6]|Bytes:4
01:16:20.69 (222863339)|HEAP_ALLOCATE|[6]|Bytes:4
01:16:20.69 (223001091)|HEAP_ALLOCATE|[6]|Bytes:13
01:16:20.69 (223051783)|USER_DEBUG|[6]|DEBUG|Success: true
01:16:20.69 (223079015)|HEAP_ALLOCATE|[7]|Bytes:8
01:16:20.69 (223113108)|STATEMENT_EXECUTE|[7]
01:16:20.360 (360182788)|CUMULATIVE_LIMIT_USAGE
01:16:20.360 (360182788)|LIMIT_USAGE_FOR_NS|(default)|
  Number of SOQL queries: 0 out of 100
  Number of query rows: 0 out of 50000
  Number of SOSL queries: 0 out of 20
  Number of DML statements: 0 out of 150
  Number of Publish Immediate DML: 0 out of 150
  Number of DML rows: 0 out of 10000
  Maximum CPU time: 0 out of 10000
  Maximum heap size: 0 out of 6000000
  Number of callouts: 0 out of 100
  Number of Email Invocations: 1 out of 10
  Number of future calls: 0 out of 50
  Number of queueable jobs added to the queue: 0 out of 50
  Number of Mobile Apex push calls: 0 out of 10

01:16:20.360 (360182788)|CUMULATIVE_LIMIT_USAGE_END

01:16:20.69 (360325222)|CODE_UNIT_FINISHED|execute_anonymous_apex
01:16:20.69 (360367580)|EXECUTION_FINISHED
